Llodio
Laudio
Amurrio
Vitoria
Gasteiz
Albacete
Almansa
Caudete
Hellín
La Roda
Villarrobledo
Albatera
Alcoy
Alcoi
Alfaz del Pi
L'Alfàs del Pi
Alicante
Alacant
Almoradí
Altea
Aspe
Asp
Benidorm
Benisa
Benissa
Callosa de Segura
Calpe
Calp
Campello
El Campello
Castalla
Cocentaina
Crevillente
Crevillent
Denia
Dénia
Elche
Elx
Elda
Guardamar del Segura
Ibi
Jávea
Xàbia
Jijona
Xixona
Monóvar
Monòver
Muchamiel
Mutxamel
Novelda
La Nucía
Orihuela
Oriola
Pego
Petrel
Petrer
Pilar de la Horadada
Pilar de la Foradada
Rojales
Rojals
San Juan de Alicante
Sant Joan d'Alacant
San Vicente del Raspeig
Sant Vicent del Raspeig
Santa Pola
Teulada
Torrevieja
Torrevella de la Mata
Villajoyosa
La Vila Joiosa
Villena
Adra
Albox
Almería
Berja
Cuevas del Almanzora
El Ejido
Huércal de Almería
Huércal-Overa
Níjar
Roquetas de Mar
Vera
Vícar
Gijón
Oviedo
Avilés
Siero
Langreo
Mieres
Castrillón
San Martín del Rey Aurelio
Corvera de Asturias
Cangas del Narcea
Villaviciosa
Laviana
Valdés
Aller
Llanera
Llanes
Lena
Tineo
Grado
Carreño
Gozón
Arévalo
Ávila
Almendralejo
Azuaga
Badajoz
Don Benito
Jerez de los Caballeros
Villafranca de los Barros
Villanueva de la Serena
Zafra
Alcúdia
Alcudia
Andratx
Andraitx
Calvià
Calviá
Capdepera
Ciutadella de Menorca
Ciudadela de Menorca
Eivissa
Ibiza
Felanitx
Felanich
Inca
Llucmajor
Mahón
Maó
Manacor
Marratxí
Palma de Mallorca
Sa Pobla
La Puebla
Pollença
Pollensa
Sant Antoni de Portmany
San Antonio Abad
Sant Josep de sa Talaia
San José
Santa Eulalia del Río
Santa Eulària des Riu
Santa Margalida
Santa Margarita
Santanyí
Santañy
Sóller
Son Servera
Abrera
Arenys de Mar
Argentona
Badalona
Badia del Vallès
Badía del Vallés
Barberà del Vallès
Barberá del Vallés
Barcelona
Berga
Bigues i Riells
Bigas
Caldes de Montbui
Caldas de Montbui
Calella
Canet de Mar
Canovelles
Canovellas
Cardedeu
Castellar del Vallès
Castellar del Vallés
Castellbisbal
Cerdanyola del Vallès
Sardañola del Vallés
Corbera de Llobregat
Cornellà de Llobregat
Cornellá de Llobregat
Esparreguera
Esparraguera
Esplugues de Llobregat
Esplugas de Llobregat
Les Franqueses del Vallès
Les Franqueses del Vallés
La Garriga
Gavà
Gavá
Granollers
L'Hospitalet de Llobregat
Hospitalet de Llobregat
Igualada
La Llagosta
Lliçà d'Amunt
Llissá de Munt
Malgrat de Mar
Manlleu
Manresa
Martorell
El Masnou
Mataró
Molins de Rei
Mollet del Vallès
Mollet del Vallés
Montcada i Reixac
Moncada i Reixac
Montornès del Vallès
Montornés del Vallés
Olesa de Montserrat
Palau-solità i Plegamans
Pallejà
Pallejá
Parets del Vallès
Piera
Pineda de Mar
El Prat de Llobregat
Premià de Mar
Premiá de Mar
Ripollet
Rubí
Sabadell
Sant Adrià de Besòs
San Adrián de Besós
Sant Andreu de la Barca
San Andrés de la Barca
Sant Boi de Llobregat
San Baudilio de Llobregat
Sant Celoni
San Celoni
Sant Cugat del Vallès
San Cugat del Vallés
Sant Feliú de Llobregat
Sant Joan de Vilatorrada
San Juan de Torruella
Sant Joan Despí
San Juan Despí
Sant Just Desvern
San Justo Desvern
Sant Pere de Ribes
San Pedro de Ribas
Sant Quirze del Vallès
San Quirico del Vallés
Sant Sadurní d'Anoia
San Saturnino de Noya
Sant Vicenç dels Horts
San Vicente de los Huertos
Santa Coloma de Gramenet
Santa Coloma de Gramanet
Santa Margarida de Montbui
Santa Perpètua de Mogoda
Santa Perpetua de Moguda
Sitges
Tordera
Torelló
Vallirana
Vic
Viladecans
Vilafranca del Penedès
Villafranca del Penedés
Vilanova del Camí
Villanueva del Camino
Vilanova i la Geltrú
Villanueva y Geltrú
Vilassar de Mar
Vilasar de Mar
Aranda de Duero
Burgos
Miranda de Ebro
Cáceres
Miajadas
Navalmoral de la Mata
Plasencia
Trujillo
Algeciras
Arcos de la Frontera
Barbate
Los Barrios
Cádiz
Chiclana de la Frontera
Chipiona
Conil de la Frontera
Jerez de la Frontera
Jimena de la Frontera
La Línea de la Concepción
Medina-Sidonia
El Puerto de Santa María
Puerto Real
Rota
San Fernando
San Roque
Sanlúcar de Barrameda
Tarifa
Trebujena
Ubrique
Vejer de la Frontera
Villamartín
Alcora
L'Alcora
Almazora
Almassora
Benicarló
Benicasim
Benicàssim
Burriana
Castellón de la Plana
Castelló de la Plana
Nules
Olocau del Rey
Onda
La Vall d'Uixó
Vall de Uxó
Villarreal
Vila-real
Vinaròs
Vinaroz
Alcázar de San Juan
Bolaños de Calatrava
Campo de Criptana
Ciudad Real
Daimiel
Manzanares
Miguelturra
Puertollano
Socuéllamos
La Solana
Tomelloso
Valdepeñas
Villarrubia de los Ojos
Aguilar de la Frontera
Baena
Cabra
La Carlota
Córdoba
Fernán-Núñez
Fuente Palmera
Lucena
Montilla
Montoro
Palma del Río
Peñarroya-Pueblonuevo
Pozoblanco
Priego de Córdoba
Puente Genil
Rute
Villanueva de Córdoba
Ames
Arteixo
Arteijo
Betanzos
Boiro
Cambre
Carballo
A Coruña
La Coruña
Culleredo
Fene
Ferrol
El Ferrol
A Laracha
Laracha
Muros
Narón
Noia
Noya
Oleiros
Ordes
Padrón
A Pobra do Caramiñal
Puebla de Caramiñal
As Pontes de García Rodríguez
Puentes de García Rodríguez
Porto do Son
Puerto del Son
Rianxo
Rianjo
Ribeira
Santa Eugenia de Ribera
Santa Uxía de Ribeira
Sada
Santa Comba
Santiago de Compostela
Teo
Cuenca
Quintanar del Rey
Tarancón
Banyoles
Bañolas
Figueres
Figueras
Girona
Gerona
Lloret de Mar
Olot
Palafrugell
Palamós
Ripoll
Roses
Rosas
Salt
Sant Felíu de Guíxols
Santa Coloma de Farners
Santa Coloma de Farnés
Torroella de Montgrí
Albolote
Almuñécar
Armilla
Atarfe
Baza
Las Gabias
Granada
Guadix
Huétor Vega
Illora
Loja
Maracena
Ogíjares
Peligros
Pinos Puente
Salobreña
Santa Fe
La Zubia
Azuqueca de Henares
Guadalajara
Arrasate
Mondragón
Azkoitia
Azcoitia
Azpeitia
Beasain
Beasáin
Vergara
Bergara
Donostia
San Sebastián
Eibar
Éibar
Elgoibar
Elgóibar
Errenteria
Rentería
Hernani
Hondarribia
Fuenterrabía
Irun
Irún
Lasarte-Oria
Oiartzun
Oyarzun
Oñati
Oñate
Pasaia
Pasajes
Tolosa
Zarautz
Zarauz
Zumarraga
Zumárraga
Aljaraque
Almonte
Bollullos Par del Condado
Cartaya
Gibraleón
Huelva
Isla Cristina
Lepe
Moguer
La Palma del Condado
Punta Umbría
Valverde del Camino
Barbastro
Fraga
Huesca
Jaca
Monzón
Alcalá la Real
Alcaudete
Andújar
Baeza
Bailén
La Carolina
Jaén
Jódar
Linares
Mancha Real
Martos
Torre del Campo
Torredonjimeno
Úbeda
Villacarrillo
Astorga
La Bañeza
Bembibre
León
Ponferrada
San Andrés del Rabanedo
Villablino
Villaquilambre
Balaguer
Lleida
Lérida
Mollerussa
Mollerusa
La Seu d'Urgell
Seo de Urgel
Tàrrega
Tárrega
Alfaro
Arnedo
Calahorra
Haro
San Millán de la Cogolla
Chantada
Foz
Concello
Lugo
Monforte de Lemos
Ribadeo
Sarria
Vilalba
Villalba
Viveiro
Vivero
Alcalá de Henares
Alcobendas
Alcorcón
Algete
Alpedrete
Aranjuez
Arganda del Rey
Boadilla del Monte
Ciempozuelos
Collado Villalba
Colmenar Viejo
Coslada
El Escorial
Fuenlabrada
Galapagar
Getafe
Guadarrama
Humanes de Madrid
Leganés
Madrid
Majadahonda
Meco
Mejorada del Campo
Móstoles
Navalcarnero
Parla
Pinto
Pozuelo de Alarcón
Rivas-Vaciamadrid
Las Rozas de Madrid
San Fernando de Henares
San Lorenzo de El Escorial
San Martín de la Vega
San Sebastián de los Reyes
Torrejón de Ardoz
Torrelodones
Tres Cantos
Valdemoro
Villanueva de la Cañada
Villanueva del Pardillo
Villaviciosa de Odón
Alhaurín de la Torre
Alhaurín el Grande
Álora
Antequera
Benalmádena
Cártama
Coín
Estepona
Fuengirola
Málaga
Marbella
Mijas
Nerja
Rincón de la Victoria
Ronda
Torremolinos
Torrox
Vélez-Málaga
Ansoáin
Barañain
Burlada
Burlata
Estella
Lizarra
Pamplona
Iruña
Tudela
Villava
Atarrabia
Zizur Mayor
Zizur Nagusia
O Barco de Valdeorras
El Barco de Valdeorras
O Carballiño
Quercusroburcito
Ourense
Orense
Verín
Xinzo de Limia
Ginzo de Limia
Aller
Avilés
Cangas del Narcea
Carreño
Caso
Castrillón
Corvera de Asturias
Gijón
Gozón
Grado
Langreo
Laviana
Lena
Llanera
Llanes
Mieres
Oviedo
San Martín del Rey Aurelio
Siero
Tineo
Valdés
Villaviciosa
Palencia
Agüimes
Arrecife
Arucas
Gáldar
Ingenio
Mogán
La Oliva
Pájara
Las Palmas de Gran Canaria
Puerto del Rosario
San Bartolomé
San Bartolomé de Tirajana
Santa Brígida
Santa Lucía de Tirajana
Santa María de Guía de Gran Canaria
Teguise
Telde
Teror
Tías
Tuineje
Baiona
Bayona
Bueu
Cambados
Cangas
Cangas de Morrazo
Cangas do Morrazo
A Estrada
La Estrada
Gondomar
O Grove
El Grove
A Guarda
La Guardia
Lalín
Marín
Moaña
Mos
Nigrán
Poio
Poyo
Ponteareas
Puenteareas
Pontevedra
O Porriño
Porriño
Redondela
Sanxenxo
Sangenjo
Tomiño
Tui
Tuy
Vigo
Vilagarcía de Arousa
Villagarcía de Arosa
Vilanova de Arousa
Villanueva de Arosa
Béjar
Ciudad Rodrigo
Salamanca
Santa Marta de Tormes
Adeje
Arona
Candelaria
Granadilla de Abona
Guía de Isora
Güímar
Icod de los Vinos
Los Llanos de Aridane
La Orotava
Puerto de la Cruz
Los Realejos
El Rosario
San Cristóbal de La Laguna
San Miguel de Abona
Santa Cruz de la Palma
Santa Cruz de Tenerife
Santa Úrsula
Santiago del Teide
Tacoronte
Tegueste
El Astillero
Castro-Urdiales
Los Corrales de Buelna
Laredo
Marina de Cudeyo
Medio Cudeyo
Piélagos
Reinosa
Santa Cruz de Bezana
Santander
Santoña
Torrelavega
Cuéllar
Segovia
Alcalá de Guadaíra
Alcalá del Río
La Algaba
Arahal
Bormujos
Brenes
Las Cabezas de San Juan
Camas
Cantillana
Carmona
Castilleja de la Cuesta
Coria del Río
Dos Hermanas
Écija
Espartinas
Estepa
Gines
Lebrija
Lora del Río
Mairena del Alcor
Mairena del Aljarafe
Marchena
Morón de la Frontera
Osuna
Los Palacios y Villafranca
Pilas
La Puebla de Cazalla
La Puebla del Río
La Rinconada
San Juan de Aznalfarache
Sanlúcar la Mayor
Sevilla
Tomares
Utrera
El Viso del Alcor
Soria
Amposta
Calafell
Cambrils
Deltebre
Reus
Salou
Sant Carles de la Ràpita
San Carlos de la Rápita
Tarragona
Torredembarra
Tortosa
Valls
El Vendrell
Vendrell
Vila-seca
Vilaseca
Alcañiz
Teruel
Consuegra
Illescas
Madridejos
Mora
Quintanar de la Orden
Talavera de la Reina
Toledo
Torrijos
Villacañas
Alaquàs
Alacuás
Albal
Alberic
Alberique
Alboraya
Alboraia
L'Alcúdia
Alcudia de Carlet
Aldaia
Aldaya
Alfafar
Algemesí
Alginet
Alzira
Alcira
Benaguasil
Benaguacil
Benetússer
Benetúser
Benifaió
Benifayó
Bétera
Burjassot
Burjasot
Canals
Carcaixent
Carcagente
Carlet
Catarroja
Chiva
Cullera
L'Eliana
La Eliana
Gandia
Gandía
Godella
Llíria
Liria
Manises
Massamagrell
Masamagrell
Meliana
Mislata
Moncada
Montcada
Oliva
Ontinyent
Onteniente
Paiporta
Paterna
Picanya
Picaña
Picassent
Picasent
La Pobla de Vallbona
Puebla de Vallbona
Puçol
Puzol
Quart de Poblet
Cuart de Poblet
Requena
Riba-roja de Túria
Ribarroja del Turia
Sagunto
Sagunt
Silla
Sueca
Tavernes de la Valldigna
Tabernes de Valldigna
Torrent
Torrente
Utiel
Valencia
Xàtiva
Játiva
Xirivella
Chirivella
Medina del Campo
Tordesillas
Valladolid
Abanto y Ciérvana
Abanto Zierbena
Amorebieta-Etxano
Amorebieta-Echano
Arrigorriaga
Barakaldo
Baracaldo
Basauri
Bermeo