Abril
Abundancia
Acindina
Ada
Adabela
Adalia
Adela
Adelaida
Adelina
Adelinda
Adeltrudis
Adoración
Adriana
África
Afrodita
Agapita
Ágata
Agatónica
Agostina
Agripina
Águeda
Agustina
Aida
Aitana
Alba
Albana
Alberta
Albertina
Albina
Aldegunda
Alegra
Alegría
Alejandra
Alejandrina
Alexia
Alfonsa
Alfonsina
Alicia
Alida
Alina
Alma
Almendra
Almudena
Alondra
Altagracia
Altea
Ama 
Amada
Amalberga
Amalia
Amaltrudis
Amancay
Amanda
Amapola
Amaya
Ámbar
Amelia
América
Amparo
Ana
Anabel
Anabella
Anahí
Anais
Rafa
Rafael
Anastasia
Andrea
Andreina
Ángela
Ángeles
Angélica
Angelina
Angelines
Ania
Anisia
Antagónica
Antea
Antolina
Antonella
Antonia
Antonina
Anunciación
Anunciata
Apia
Apolinaria
Apolonia
Aquilina
Arabela
Arabia
Araceli
Aramís
Arancha
Arantxa
Aranzazu
Arcadia
Argéntea
Argentina
Ariadna
Ariana
Armonía
Aroa
Artemia
Artemis
Artemisa
Ascensión
Asclepia
Asela
Astrid
Asunción
Asunta
Atalanta
Atalia
Atanasia
Atenea
Ática
Augusta
Aurea
Aurelia
Aurora
Austreberta
Auxiliadora
Ayelen
Azalea
Azucena
Balbina
Balsamia
Bárbara
Bartolomea
Bárula
Basilia
Basilisa
Beatriz
Bega
Begonia
Begoña
Belén
Belinda
Bella
Benedicta
Benigna
Benita
Berenice
Bernarda
Berta
Bertila
Bertoaria
Betiana
Betina
Betsabé
Bianca
Bibiana
Blanca
Blandina
Bonita
Bova
Brenda
Brígida
Brunilda
Buenaventura
Burgundófora
Calixta
Camelia
Camila
Candela
Candelaria
Cándida
Caridad
Carina
Carísima
Carla
Carlota
Carmela
Carmen
Carmina
Carol
Carola
Carolina
Casandra
Casia
Casilda
Casina
Castalia
Cástula
Catalina
Cayetana
Cecilia
Ceferina
Celerina
Celeste
Celestina
Celia
Celina
Centola
Charo
Chelo
Choni
Cinta
Cinthia
Circe
Cirenia
Ciria
Ciriaca
Cisne
Clara
Clarisa
Claudia
Clelia
Clementina
Cleopatra
Clerodiae
Clio
Cloe
Cloris
Clotilde
Coleta
Concepción
Concesa
Concha
Consolación
Consolata
Consorcia
Constancia
Constanza
Consuelo
Cora
Coral
Cordelia
Córdula
Corina
Cornelia
Corona
Cósima
Covadonga
Creusa
Crispina
Cristal
Cristina
Cuartila
Cunegunda
Dafne
Dafrosa
Dalia
Damaris
Dana
Dánae
Daniela
Daría
Dartina
Débora
Dedicación
Dejanira
Delfina
Delia
Delma
Deméter
Demetria
Deotila
Desdémona
Desire
Devorah
Devota
Deyanira
Diana
Digna
Dina
Dionisia
Dolores
Dominada
Dominga
Dominica
Domitila
Domnina
Dona
Donata
Donatella
Donatila
Dora
Doris
Dorotea
Dova
Dulce
Dunia
Eda
Edelmira
Ediburga
Edit
Editrudis
Edna
Eduina
Edurne
Eduvigis
Efigenia
Egeria
Eglé
Eira
Elda
Electra
Elena
Eleonora
Elfrida
Eliana
Elisa
Elisenda
Eloísa
Elsa
Elvira
Emerenciana
Emilia
Emiliana
Emma
Ena
Encarnación
Engracia
Enriqueta
Epifanía
Erasma
Eresvida
Erica
Erlinda
Erminia
Ernestina
Escolástica
Esmeralda
Esperanza
Estefanía
Estela
Ester
Esther
Estrella
Etelvina
Eudocia
Eudosia
Eudoxia
Eufemia
Eufrasia
Eufrosina
Eugenia
Eulalia
Eunice
Eurídice
Europa
Eusebia
Eustolia
Euterpe
Eutropia
Eva
Evangelina
Evel
Evelina
Evenilda
Exaltación
Exuperia
Fabiola
Fanny
Fátima
Fausta
Faustina
Febe
Febronia
Federica
Fedora
Fedra
Felicia
Felicidad
Felicísima
Felicitas
Felipa
Felisa
Fermina
Fernanda
Filancia
Filis
Filomena
Filotea
Flaminia
Flavia
Flodoberta
Flor
Flora
Florencia
Florentina
Floriana
Florida
Fortunata
Francesca
Francisca
Freya
Frida
Friné
Fructuosa
Fuenciscla
Fuensanta
Gabriela
Gala
Galatea
Galena
Gardenia
Gaudelia
Gavira
Gea
Gema
Gemma
Genciana
Generosa
Genoveva
Geordina
Georgia
Geraldina
Geraldine
Gerburga
Gerda
Germana
Gerosa
Gertrudis
Gianira
Gilda
Gimena
Gina
Ginebra
Gisela
Giselda
Giulana
Giunia
Gladis
Gláfira
Glenda
Gliceria
Gloria
Godiva
Godoleva
Gracia
Graciela
Graciosa
Grata
Grecia
Gregoria
Greta
Gretel
Grisel
Griselda
Guadalupe
Gudelia
Gudula
Güendolina
Guía
Guillermina
Gundelinda
Gundena
Hada
Harmonía
Haydé
Haydeé
Hebe
Hécuba
Heidi
Helda
Heleia
Helen
Helena
Helga
Heliana
Heliena
Hera
Heraclea
Heraclia
Hermenegilda
Herminia
Hermione
Hilaria
Hilda
Hildegarda
Hildegunda
Hipodamía
Hipólita
Hombelina
Honorata
Honorina
Hortensia
Hosana
Iara
Iciar
Ida
Idalia
Ifigenia
Iluminada
Imelda
Imperia
Indira
Indra
Inés
Íngrid
Inma
Inmaculada
Inocencia
Ioana
Iole
Iracema
Iraides
Irene
Irina
Iris
Irma
Irminia
Isabel
Isabela
Isaura
Isidora
Isis
Isolda
Isolina
Itziar
Iva
Ivana
Ivón
Ivonne
Izaskum
Jacinta
Jacoba
Jacqueline
Jade
Jocunda
Johana
Jordana
Jorgelina
Josefa
Josefina
Juana
Judit
Judith
Julia 
Juliana
Julieta
Junquera
Justa
Justina
Kali
Karen
Karena
Karenina
Karin
Karina
Katherina
Katia
Katixa
Keila
Keith
Kendra
Kinesburga
Kineswuida
Kiona
Kira
Kirian
Laia
Lala
Lalia
Laodamia
Lara
Larisa
Latona
Laura
Laureana
Lavinia
Lea
Leandra
Leda
Leif
Leila
Lena
Leocadia
Leocricia
Leonarda
Leoncia
Leonela
Leónida
Leonila
Leonilda
Leonor
Leonora
Lesbia
Leslie
Leticia
Leucofrina
Lía
Liana
Libera
Liberata
Libertad
Libia
Liceria
Licia
Licinia
Lidia
Liduvina
Ligia
Lila
Lili
Liliana
Liliosa
Lilit
Lucía
Luciana
Lucila
Lucina
Lucinia
Lucrecia
Lucy
Ludmila
Ludovica
Luisa
Luisina
Luján
Luminosa
Luna
Lupe
Lutecia
Lutgarda
Luz
Lyla
Mabel
Macarena
Macaria
Macha
Macrina
Madrona
Mafalda
Magali
Magdalena
Magia
Magnancia
Magnolia
Maia
Maica
Maira
Maitane
Maite
Malena
Malka
Malva
Malvina
Mandisa
Manuela
Mar
Mara
Marcela
Marcelina
Marcia
Marciana
Marfisa
Margarita
Margot
María
María Jesús
María José
María Maravillas
Márian
Mariana
Marianela
Maribel
Marilina
Marilú
Mariluz
Marina
Marisa
Marisol
Marita
Marta
Martina
Máscula
Matilda
Matilde
Matrona
Maura
Máxima
Maya
Mayte
Medea
Melania
Melba
Melibea
Melinda
Melisa
Melisenda
Melitina
Melody
Menefreda
Menodora
Mercedes
Meredith
Mesalina
Metradora
Mía
Micaela
Michelle
Pamela
Pampa
Pandora
Paola
Pascuala
Pastora
Patricia
Paula
Paulina
Paz
Pelagia
Penélope
Peregrina
Perla
Perpetua
Perséfone
Perseveranda
Petra
Petrona
Petronila
Petunia
Pía
Piedad
Piera
Pilar
Plácida
Polisena
Polixena
Pomona
Pomposa
Potamia
Potenciana
Presentación
Primavera
Roselina
Roseta
Rosina
Rossana
Roxana
Rufina
Rut
Ruth
Sabel
Sabina
Sabrina
Salaberga
Salomé
Salud
Salvadora
Salvia
Salvina
Samanta
Sandra
Santina
Sara
Sarai
Saturnina
Secundila
Secundina
Segunda
Selena
Selma
Septimia
Serafina
Serena
Severa
Severiana
Sheila
Sibila
Sidney
Sigrid
Silvana
Silvia
Simona
Sinclética
Sira
Socorro
Sofía
Sol
Solanges
Soledad
Sonia
Sonsoles
Soraya
Sotera
Stefanía
Stella
Susana
Tabita
Tarsila
Társula
Tatiana
Tessa
Tetis
Thais
Tiadilde
Tiara
Tiffani
Tina
Titania
Tomasa
Trifena
Trifina
Trinidad
Tula
Tura
Uliana
Ulla
Uña
Úrsula
Valberga
Valentina
Valeria
Valeriana
Vallivana
Valvanera
Vanesa
Vanessa
Vedia
Velania
Velia
Ventura
Venus
Yolanda
Zaira
Zara
Zenaida
Zenobia
Zita
Zoe
Zoraida
Zuleika
David
Fernando
Juan
Nicolás
Nico
Carlos
Feliciano
Marcel
Tommy
Miguel
Ángel